tgatgatga seq
1 9 1 9
12 20 1 9
23 31 1 9
34 42 1 9
45 53 1 9
56 64 1 9
67 75 1 9
78 86 1 9
89 97 1 9
100 108 1 9
111 119 1 9
122 130 1 9
133 141 1 9
144 152 1 9
155 163 1 9
166 174 1 9
177 185 1 9
