une seq
1 4 5 8
1 6 3 8
5 8 1 4
3 8 1 6
1 10 1 10
