deuxieme sequence
premiere sequence
troisieme sequence
