
sequence1seq
sequence2bisseq
sequence2foisseq
780 784 2 6
780 784 4 8
780 784 6 10
sequence2seq
sequence4seq
61 65 3 7
443 447 1 5
566 570 9 13
781 787 5 11
783 787 10 14
868 872 6 10
904 908 9 13
sequence5seq
19 24 8 13
43 47 5 9
370 374 8 12
402 406 11 15
452 456 10 14
566 570 3 7
783 787 1 5
849 853 7 11
904 908 3 7
