ref
33 36 1 4
114 117 1 4
298 301 1 4
355 358 1 4
577 580 1 4
601 604 1 4
