dataset1_seq_1_1 143@cprob 0.5
1 1 3 3
2 2 2 2
dataset1_seq_ref 3
1 2 1 2
