tgatgatgaMULT seq
1 6 4 9
1 6 15 20
1 6 26 31
1 6 37 42
1 6 48 53
1 6 59 64
1 6 70 75
1 6 81 86
1 6 92 97
1 6 103 108
1 6 114 119
1 6 125 130
1 6 136 141
1 6 147 152
1 6 158 163
1 6 169 174
1 6 180 185
4 9 1 6
1 9 1 9
4 9 12 17
1 9 12 20
4 9 23 28
1 9 23 31
4 9 34 39
1 9 34 42
4 9 45 50
1 9 45 53
4 9 56 61
1 9 56 64
4 9 67 72
1 9 67 75
4 9 78 83
1 9 78 86
4 9 89 94
1 9 89 97
4 9 100 105
1 9 100 108
4 9 111 116
1 9 111 119
4 9 122 127
1 9 122 130
4 9 133 138
1 9 133 141
4 9 144 149
1 9 144 152
4 9 155 160
1 9 155 163
4 9 166 171
1 9 166 174
4 9 177 182
1 9 177 185
