s1
1 1 7 7
7 7 1 1
1 7 1 7
s2
1 1 6 6
1 4 1 4
7 7 1 1
3 7 2 6
